// Jest Snapshot v1, https://goo.gl/fbAQLP

exports[`Component App ... Definition Match snapshot 1`] = `
<div
  id="app"
>
  <ui-view-dashboard-stub />
</div>
`;
