// Jest Snapshot v1, https://goo.gl/fbAQLP

exports[`Component UiBadge ... Definition Match snapshot 1`] = `
<div
  class="ui-badge"
>
  <!---->
</div>
`;
